Modules list:
-------------
undo_redo.o:
    CODE              Offs=000000  Size=000046  Align=00001  Fill=0000
    DATA              Offs=000000  Size=000002  Align=00001  Fill=0000
    BANKDATA          Offs=000000  Size=000005  Align=00001  Fill=0000
    BANKCODE          Offs=000000  Size=0000D3  Align=00001  Fill=0000
ram_handler.o:
    CODE              Offs=000046  Size=0000E5  Align=00001  Fill=0000
    BSS               Offs=000000  Size=000003  Align=00001  Fill=0000
    DATA              Offs=000002  Size=00000B  Align=00001  Fill=0000
    BANKDATA          Offs=000005  Size=000001  Align=00001  Fill=0000
    BANKCODE          Offs=0000D3  Size=000034  Align=00001  Fill=0000
atari_fn.o:
    BANKDATA          Offs=000006  Size=000AB4  Align=00001  Fill=0000
    BANKRODATA        Offs=000000  Size=00002F  Align=00001  Fill=0000
    BANKCODE          Offs=000107  Size=0010F1  Align=00001  Fill=0000
sounds.o:
    BANKDATA          Offs=000ABA  Size=000002  Align=00001  Fill=0000
    BANKRODATA        Offs=00002F  Size=000001  Align=00001  Fill=0000
    BANKCODE          Offs=0011F8  Size=000176  Align=00001  Fill=0000
level.o:
    BANKDATA          Offs=000ABC  Size=000002  Align=00001  Fill=0000
    BANKCODE          Offs=00136E  Size=0001EE  Align=00001  Fill=0000
lookup.o:
    BANKDATA          Offs=000ABE  Size=00004B  Align=00001  Fill=0000
you.o:
    BANKCODE          Offs=00155C  Size=00006E  Align=00001  Fill=0000
interact.o:
    BANKDATA          Offs=000B09  Size=000002  Align=00001  Fill=0000
    BANKCODE          Offs=0015CA  Size=000627  Align=00001  Fill=0000
data.o:
    DATA              Offs=00000D  Size=0002BC  Align=00001  Fill=0000
    BANKDATA          Offs=000B0B  Size=00028B  Align=00001  Fill=0000
move.o:
    BANKDATA          Offs=000D96  Size=00011E  Align=00001  Fill=0000
    BANKCODE          Offs=001BF1  Size=00075F  Align=00001  Fill=0000
rules.o:
    BANKDATA          Offs=000EB4  Size=00001E  Align=00001  Fill=0000
    BANKCODE          Offs=002350  Size=00053D  Align=00001  Fill=0000
main.o:
    BANKDATA          Offs=000ED2  Size=00001B  Align=00001  Fill=0000
    BANKCODE          Offs=00288D  Size=000392  Align=00001  Fill=0000
code.o:
    CODE              Offs=00012B  Size=000086  Align=00001  Fill=0000
    DATA              Offs=0002C9  Size=00000D  Align=00001  Fill=0000
    ZEROPAGE          Offs=000000  Size=00000E  Align=00001  Fill=0000
    SFX               Offs=000000  Size=00288D  Align=00001  Fill=0000
    GFX               Offs=000000  Size=001FFF  Align=00001  Fill=0000
linker.o:
    FILEHDR           Offs=000000  Size=000002  Align=00001  Fill=0000
    NEXEHDR           Offs=000000  Size=000004  Align=00001  Fill=0000
    CHKHDR            Offs=000000  Size=000004  Align=00001  Fill=0000
rom_off.o:
    BANKCODE          Offs=002C1F  Size=000072  Align=00001  Fill=0000
C:\CC65\LIB/atari.lib(_directerrno.o):
    CODE              Offs=0001B1  Size=00000A  Align=00001  Fill=0000
C:\CC65\LIB/atari.lib(_mappederrno.o):
    CODE              Offs=0001BB  Size=000010  Align=00001  Fill=0000
C:\CC65\LIB/atari.lib(_oserror.o):
    BSS               Offs=000003  Size=000001  Align=00001  Fill=0000
C:\CC65\LIB/atari.lib(_seterrno.o):
    CODE              Offs=0001CB  Size=000009  Align=00001  Fill=0000
C:\CC65\LIB/atari.lib(add.o):
    CODE              Offs=0001D4  Size=00001C  Align=00001  Fill=0000
C:\CC65\LIB/atari.lib(addysp.o):
    CODE              Offs=0001F0  Size=00000E  Align=00001  Fill=0000
C:\CC65\LIB/atari.lib(and.o):
    CODE              Offs=0001FE  Size=000010  Align=00001  Fill=0000
C:\CC65\LIB/atari.lib(callmain.o):
    CODE              Offs=00020E  Size=000017  Align=00001  Fill=0000
    DATA              Offs=0002D6  Size=000004  Align=00001  Fill=0000
C:\CC65\LIB/atari.lib(close.o):
    CODE              Offs=000225  Size=00001E  Align=00001  Fill=0000
C:\CC65\LIB/atari.lib(condes.o):
    CODE              Offs=000243  Size=00000C  Align=00001  Fill=0000
    DATA              Offs=0002DA  Size=000025  Align=00001  Fill=0000
    ONCE              Offs=000000  Size=00000C  Align=00001  Fill=0000
C:\CC65\LIB/atari.lib(crt0.o):
    BSS               Offs=000004  Size=000005  Align=00001  Fill=0000
    STARTUP           Offs=000000  Size=000063  Align=00001  Fill=0000
C:\CC65\LIB/atari.lib(decsp4.o):
    CODE              Offs=00024F  Size=00000D  Align=00001  Fill=0000
C:\CC65\LIB/atari.lib(decsp6.o):
    CODE              Offs=00025C  Size=00000D  Align=00001  Fill=0000
C:\CC65\LIB/atari.lib(do_oserr.o):
    CODE              Offs=000269  Size=000004  Align=00001  Fill=0000
C:\CC65\LIB/atari.lib(dosdetect.o):
    DATA              Offs=0002FF  Size=000001  Align=00001  Fill=0000
    ONCE              Offs=00000C  Size=00004B  Align=00001  Fill=0000
C:\CC65\LIB/atari.lib(eq.o):
    CODE              Offs=00026D  Size=00000A  Align=00001  Fill=0000
C:\CC65\LIB/atari.lib(errno.o):
    BSS               Offs=000009  Size=000002  Align=00001  Fill=0000
C:\CC65\LIB/atari.lib(exetrailer.o):
    AUTOSTRT          Offs=000000  Size=000006  Align=00001  Fill=0000
C:\CC65\LIB/atari.lib(fdtab.o):
    DATA              Offs=000300  Size=00002C  Align=00001  Fill=0000
C:\CC65\LIB/atari.lib(fdtable.o):
    CODE              Offs=000277  Size=000183  Align=00001  Fill=0000
    BSS               Offs=00000B  Size=000006  Align=00001  Fill=0000
C:\CC65\LIB/atari.lib(fdtoiocb.o):
    CODE              Offs=0003FA  Size=000022  Align=00001  Fill=0000
C:\CC65\LIB/atari.lib(findfreeiocb.o):
    CODE              Offs=00041C  Size=000015  Align=00001  Fill=0000
C:\CC65\LIB/atari.lib(getdefdev.o):
    CODE              Offs=000431  Size=000064  Align=00001  Fill=0000
    DATA              Offs=00032C  Size=000007  Align=00001  Fill=0000
C:\CC65\LIB/atari.lib(getfd.o):
    CODE              Offs=000495  Size=000029  Align=00001  Fill=0000
C:\CC65\LIB/atari.lib(icmp.o):
    CODE              Offs=0004BE  Size=00002E  Align=00001  Fill=0000
C:\CC65\LIB/atari.lib(incsp1.o):
    CODE              Offs=0004EC  Size=000007  Align=00001  Fill=0000
C:\CC65\LIB/atari.lib(incsp2.o):
    CODE              Offs=0004F3  Size=000016  Align=00001  Fill=0000
C:\CC65\LIB/atari.lib(incsp3.o):
    CODE              Offs=000509  Size=000005  Align=00001  Fill=0000
C:\CC65\LIB/atari.lib(incsp4.o):
    CODE              Offs=00050E  Size=000005  Align=00001  Fill=0000
C:\CC65\LIB/atari.lib(incsp6.o):
    CODE              Offs=000513  Size=000005  Align=00001  Fill=0000
C:\CC65\LIB/atari.lib(inviocb.o):
    CODE              Offs=000518  Size=000005  Align=00001  Fill=0000
C:\CC65\LIB/atari.lib(joy-kernel.o):
    CODE              Offs=00051D  Size=00004D  Align=00001  Fill=0000
    RODATA            Offs=000000  Size=000004  Align=00001  Fill=0000
    BSS               Offs=000011  Size=000002  Align=00001  Fill=0000
    DATA              Offs=000333  Size=00000C  Align=00001  Fill=0000
C:\CC65\LIB/atari.lib(joy_read.o):
C:\CC65\LIB/atari.lib(joy_stat_stddrv.o):
C:\CC65\LIB/atari.lib(laddeq.o):
    CODE              Offs=00056A  Size=00002D  Align=00001  Fill=0000
C:\CC65\LIB/atari.lib(ldaxsp.o):
    CODE              Offs=000597  Size=000009  Align=00001  Fill=0000
C:\CC65\LIB/atari.lib(libref.o):
C:\CC65\LIB/atari.lib(lmul.o):
    CODE              Offs=0005A0  Size=00005C  Align=00001  Fill=0000
C:\CC65\LIB/atari.lib(lpush.o):
    CODE              Offs=0005FC  Size=000021  Align=00001  Fill=0000
C:\CC65\LIB/atari.lib(lseek.o):
    CODE              Offs=00061D  Size=000120  Align=00001  Fill=0000
C:\CC65\LIB/atari.lib(makebool.o):
    CODE              Offs=00073D  Size=00002C  Align=00001  Fill=0000
C:\CC65\LIB/atari.lib(memcpy.o):
    CODE              Offs=000769  Size=00003C  Align=00001  Fill=0000
C:\CC65\LIB/atari.lib(memset.o):
    CODE              Offs=0007A5  Size=00005D  Align=00001  Fill=0000
C:\CC65\LIB/atari.lib(mul.o):
    CODE              Offs=000802  Size=000045  Align=00001  Fill=0000
C:\CC65\LIB/atari.lib(mul8.o):
    CODE              Offs=000847  Size=00003A  Align=00001  Fill=0000
C:\CC65\LIB/atari.lib(mulax5.o):
    CODE              Offs=000881  Size=000014  Align=00001  Fill=0000
C:\CC65\LIB/atari.lib(mulax6.o):
    CODE              Offs=000895  Size=000016  Align=00001  Fill=0000
C:\CC65\LIB/atari.lib(open.o):
    CODE              Offs=0008AB  Size=0000C0  Align=00001  Fill=0000
C:\CC65\LIB/atari.lib(or.o):
    CODE              Offs=00096B  Size=000012  Align=00001  Fill=0000
C:\CC65\LIB/atari.lib(oserror.o):
    CODE              Offs=00097D  Size=00001A  Align=00001  Fill=0000
    RODATA            Offs=000004  Size=000038  Align=00001  Fill=0000
C:\CC65\LIB/atari.lib(popptr1.o):
    CODE              Offs=000997  Size=00000E  Align=00001  Fill=0000
C:\CC65\LIB/atari.lib(pusha.o):
    CODE              Offs=0009A5  Size=000016  Align=00001  Fill=0000
C:\CC65\LIB/atari.lib(pushax.o):
    CODE              Offs=0009BB  Size=00001A  Align=00001  Fill=0000
C:\CC65\LIB/atari.lib(pushwsp.o):
    CODE              Offs=0009D5  Size=00001C  Align=00001  Fill=0000
C:\CC65\LIB/atari.lib(read.o):
    CODE              Offs=0009F1  Size=0000DA  Align=00001  Fill=0000
    BSS               Offs=000013  Size=000051  Align=00001  Fill=0000
    EXTZP             Offs=000000  Size=000005  Align=00001  Fill=0000
C:\CC65\LIB/atari.lib(rwcommon.o):
    CODE              Offs=000ACB  Size=00002D  Align=00001  Fill=0000
C:\CC65\LIB/atari.lib(staspidx.o):
    CODE              Offs=000AF8  Size=000016  Align=00001  Fill=0000
C:\CC65\LIB/atari.lib(staxspi.o):
    CODE              Offs=000B0E  Size=00001B  Align=00001  Fill=0000
C:\CC65\LIB/atari.lib(steaxsp.o):
    CODE              Offs=000B29  Size=000015  Align=00001  Fill=0000
C:\CC65\LIB/atari.lib(subysp.o):
    CODE              Offs=000B3E  Size=00000D  Align=00001  Fill=0000
C:\CC65\LIB/atari.lib(ucase_fn.o):
    CODE              Offs=000B4B  Size=00005A  Align=00001  Fill=0000
C:\CC65\LIB/atari.lib(udiv.o):
    CODE              Offs=000BA5  Size=00004F  Align=00001  Fill=0000
C:\CC65\LIB/atari.lib(umod.o):
    CODE              Offs=000BF4  Size=000011  Align=00001  Fill=0000
C:\CC65\LIB/atari.lib(write.o):
    CODE              Offs=000C05  Size=000028  Align=00001  Fill=0000
C:\CC65\LIB/atari.lib(zerobss.o):
    CODE              Offs=000C2D  Size=000023  Align=00001  Fill=0000
C:\CC65\LIB/atari.lib(zeropage.o):
    ZEROPAGE          Offs=00000E  Size=00001A  Align=00001  Fill=0000
C:\CC65\LIB/atari.lib(atrstd-joy.o):
    CODE              Offs=000C50  Size=000030  Align=00001  Fill=0000
    BSS               Offs=000064  Size=000004  Align=00001  Fill=0000
    DATA              Offs=00033F  Size=00000E  Align=00001  Fill=0000


Segment list:
-------------
Name                   Start     End    Size  Align
----------------------------------------------------
AUTOSTRT              000000  000005  000006  00001
CHKHDR                000000  000003  000004  00001
FILEHDR               000000  000001  000002  00001
NEXEHDR               000000  000003  000004  00001
SFX                   000000  00288C  00288D  00001
ZEROPAGE              000082  0000A9  000028  00001
EXTZP                 0000AA  0000AE  000005  00001
GFX                   002000  003FFE  001FFF  00001
STARTUP               004000  004062  000063  00001
ONCE                  004063  0040BD  00005B  00001
BANKDATA              0040BE  004FAA  000EED  00001
BANKRODATA            004FAB  004FDA  000030  00001
BANKCODE              004FDB  007C6B  002C91  00001
DATA                  00AB00  00AE4C  00034D  00001
RODATA                00AE4D  00AE8A  00003E  00001
CODE                  00AE8B  00BB0A  000C80  00001
BSS                   00BB0B  00BB72  000068  00001


Exports list by name:
---------------------
__AUTOSTART__             000001 REA    __BSS_LOAD__              00BB0B RLA    
__BSS_RUN__               00BB0B RLA    __BSS_SIZE__              000068 REA    
__CONSTRUCTOR_COUNT__     000002 REA    __CONSTRUCTOR_TABLE__     0040BA RLA    
__DESTRUCTOR_COUNT__      000001 REA    __DESTRUCTOR_TABLE__      00AE89 RLA    
__FILEHDR__               000001 REA    __FIRST_END_LOAD__        007C6C RLA    
__GFX_LOAD__              002000 RLA    __LOWCODE_LOAD__          00AB00 RLA    
__LOWCODE_RUN__           00AB00 RLA    __LOWCODE_SIZE__          000000 REA    
__RAM_AVAIL__             00BC20 REA    __RESERVED_MEMORY__       000000 REA    
__RMT_SIZE__              002B00 REA    __STARTUP__               000001 REA    
__defdev                  00AE2F RLA    __directerrno             00B03C RLA    
__do_oserror              00B0F4 RLA    __dos_type                00ADFF RLA    
__errno                   00BB14 RLA    __getdefdev               00B2BC  LAI   
__inviocb                 00B3A3 RLA    __mappederrno             00B046 RLA    
__oserror                 00BB0E RLA    __osmaperrno              00B808 RLA    
__rwsetup                 00B956 RLA    __seterrno                00B056 RLA    
_array_index              00008B RLZ    _array_ptr                00008B RLZ    
_array_value              00008C RLZ    _atrstd_joy               00AE3F RLA    
_audio_music              0051FE RLA    _audio_only_sfx           004B78 RLA    
_audio_sfx                005219 RLA    _background_color         00ADD5 RLA    
_clear_preprocess_helper  00799A RLA    _close                    00B0B0 RLA    
_continue_music           0062D1 RLA    _deinit_platform          0051DC RLA    
_deinit_sfx               0061DA RLA    _display_font_page1       00AFD1 RLA    
_display_font_page2       00AFFC RLA    _display_list1            003200 RLA    
_display_list2            003257 RLA    _dl_handler               00AFB6 RLA    
_exit                     004041 RLA    _galaxy_draw_screen       005440 RLA    
_galaxy_font_address      00ADCC RLA    _galaxy_font_page1        00ADCD RLA    
_galaxy_font_page2        00ADCE RLA    _galaxy_get_action        005560 RLA    
_game_draw_screen         00581E RLA    _game_font_address        00ADC9 RLA    
_game_font_page1          00ADCA RLA    _game_font_page2          00ADCB RLA    
_game_get_action          00573C RLA    _game_lost                0056ED RLA    
_game_phase               004BCB RLA    _game_progress            004BCC RLA    
_get_banked_address       00AF19 RLA    _handle_interactions      0065A5 RLA    
_handle_move              006BCC RLA    _handle_you               006537 RLA    
_helpers                  004D0A RLA    _init_level               007887 RLA    
_init_platform            0050E2 RLA    _init_sfx                 0061D3 RLA    
_is_level_complete        007973 RLA    _joy_install              00B3A8 RLA    
_joy_read                 00AE3C REA    _joy_static_stddrv        00AE3F RLA    
_last_obj_index           004D12 RLA    _last_text_index          004D13 RLA    
_level_number             004BCA RLA    _load_game_progress       00522A RLA    
_load_level               006349 RLA    _load_level_data          0052CE RLA    
_local_flags              000088 RLZ    _local_index              000085 RLZ    
_local_temp1              000089 RLZ    _local_temp2              00008A RLZ    
_local_text_type          000087 RLZ    _local_type               000086 RLZ    
_local_x                  000083 RLZ    _local_y                  000084 RLZ    
_lookup_index             00008D RLZ    _lseek                    00B4C1 RLA    
_main                     007BDE RLA    _map                      004BDA RLA    
_map_index                00008E RLZ    _map_lookup               004B7C RLA    
_memcpy                   00B5F4 RLA    _memory_handler_init      00AED1 RLA    
_memory_objects_in_all_banks 0050C8 RLA    _memory_select_bank       00AF7D RLA    
_memset                   00B638 RLA    _move_direction           004E54 RLA    
_move_direction_lookup_x  004B98 RLA    _move_direction_lookup_y  004B9D RLA    
_obj_has                  004E14 RLA    _obj_is_word              004E34 RLA    
_obj_prop                 004D14 RLA    _obj_prop_lookup          004B88 RLA    
_objects                  00AB0D RLA    _one_lshift_lookup        004BA7 RLA    
_open                     00B736 RLA    _pause_music              00626C RLA    
_perform_move             006BFE RLA    _play_music               0061F1 RLA    
_play_sfx                 0061E1 RLA    _preproc_helper           004CCA RLA    
_preprocess_type          004E55 RLA    _read                     00B87C RLA    
_redo                     005073 RLA    _reset_undo               00509E RLA    
_reverted_direction_lookup 004BA2 RLA    _rom_copy                 007BFD RLA    
_rule_exists              004E44 RLA    _set_game_rules           00732B RLA    
_set_palette              00543A RLA    _set_tileset              0053E9 RLA    
_stop_music               006240 RLA    _store_state              004FDB RLA    
_text_ptr                 00ADD3 RLA    _undo                     005038 RLA    
_unlocking_x              004B7A RLA    _unlocking_y              004B7B RLA    
_video_ptr1               00ADCF RLA    _video_ptr2               00ADD1 RLA    
_wait_for_vblank          0059FA RLA    _write                    00BA90 RLA    
_you_move_direction       004BC9 RLA    addysp                    00B07C RLA    
addysp1                   00B07B RLA    booleq                    00B5CE RLA    
boolne                    00B5C8 RLA    boolult                   00B5E7 RLA    
callmain                  00B099 RLA    closeallfiles             00B7E7  LAI   
clriocb                   00B149 RLA    decsp4                    00B0DA RLA    
decsp6                    00B0E7 RLA    detect                    00406F  LAI   
donelib                   00B0CE RLA    fd_index                  00AE00 RLA    
fd_table                  00AE0C RLA    fddecusage                00B156 RLA    
fdt_to_fdi                00B320 RLA    fdtoiocb                  00B285 RLA    
fdtoiocb_down             00B102 RLA    findfreeiocb              00B2A7 RLA    
incsp1                    00B377 RLA    incsp2                    00B386 RLA    
incsp3                    00B394 RLA    incsp4                    00B399 RLA    
incsp6                    00B39E RLA    initlib                   004063 RLA    
joy_libref                004041 RLA    joy_read                  00AE3C RLA    
laddeq                    00B3FD RLA    ldax0sp                   00B422 RLA    
ldaxysp                   00B424 RLA    mul8x16                   00B6D4 RLA    
mul8x16a                  00B6DE RLA    mulax5                    00B70C RLA    
mulax6                    00B720 RLA    newfd                     00B184 RLA    
popax                     00B37E RLA    popptr1                   00B822 RLA    
ptr1                      000098 RLZ    ptr2                      00009A RLZ    
ptr3                      00009C RLZ    ptr4                      00009E RLZ    
push0ax                   00B48A RLA    pusha                     00B834 RLA    
pusha0                    00B848 RLA    pushax                    00B84A RLA    
pushwysp                  00B862 RLA    sp                        000090 RLZ    
sreg                      000092 RLZ    start                     004001 RLA    
staspidx                  00B983 RLA    staxspidx                 00B999 RLA    
steax0sp                  00B9B4 RLA    subysp                    00B9C9 RLA    
tmp1                      0000A0 RLZ    tmp2                      0000A1 RLZ    
tmp3                      0000A2 RLZ    tmp4                      0000A3 RLZ    
tosaddax                  00B061 RLA    tosandax                  00B08B RLA    
toseqax                   00B0FC RLA    tosicmp                   00B34B RLA    
tosicmp0                  00B349 RLA    tosmul0ax                 00B42B RLA    
tosmula0                  00B6D2 RLA    tosora0                   00B7F6 RLA    
tosorax                   00B7F8 RLA    tosudiva0                 00BA30 RLA    
tosudivax                 00BA32 RLA    tosumoda0                 00BA7F RLA    
tosumodax                 00BA81 RLA    tosumula0                 00B6D2 RLA    
tosumulax                 00B68D RLA    ucase_fn                  00B9D6 RLA    
udiv16                    00BA41 RLA    zerobss                   00BAB8 RLA    



Exports list by value:
----------------------
__RESERVED_MEMORY__       000000 REA    __LOWCODE_SIZE__          000000 REA    
__DESTRUCTOR_COUNT__      000001 REA    __AUTOSTART__             000001 REA    
__STARTUP__               000001 REA    __FILEHDR__               000001 REA    
__CONSTRUCTOR_COUNT__     000002 REA    __BSS_SIZE__              000068 REA    
_local_x                  000083 RLZ    _local_y                  000084 RLZ    
_local_index              000085 RLZ    _local_type               000086 RLZ    
_local_text_type          000087 RLZ    _local_flags              000088 RLZ    
_local_temp1              000089 RLZ    _local_temp2              00008A RLZ    
_array_index              00008B RLZ    _array_ptr                00008B RLZ    
_array_value              00008C RLZ    _lookup_index             00008D RLZ    
_map_index                00008E RLZ    sp                        000090 RLZ    
sreg                      000092 RLZ    ptr1                      000098 RLZ    
ptr2                      00009A RLZ    ptr3                      00009C RLZ    
ptr4                      00009E RLZ    tmp1                      0000A0 RLZ    
tmp2                      0000A1 RLZ    tmp3                      0000A2 RLZ    
tmp4                      0000A3 RLZ    __GFX_LOAD__              002000 RLA    
__RMT_SIZE__              002B00 REA    _display_list1            003200 RLA    
_display_list2            003257 RLA    start                     004001 RLA    
_exit                     004041 RLA    joy_libref                004041 RLA    
initlib                   004063 RLA    detect                    00406F  LAI   
__CONSTRUCTOR_TABLE__     0040BA RLA    _audio_only_sfx           004B78 RLA    
_unlocking_x              004B7A RLA    _unlocking_y              004B7B RLA    
_map_lookup               004B7C RLA    _obj_prop_lookup          004B88 RLA    
_move_direction_lookup_x  004B98 RLA    _move_direction_lookup_y  004B9D RLA    
_reverted_direction_lookup 004BA2 RLA    _one_lshift_lookup        004BA7 RLA    
_you_move_direction       004BC9 RLA    _level_number             004BCA RLA    
_game_phase               004BCB RLA    _game_progress            004BCC RLA    
_map                      004BDA RLA    _preproc_helper           004CCA RLA    
_helpers                  004D0A RLA    _last_obj_index           004D12 RLA    
_last_text_index          004D13 RLA    _obj_prop                 004D14 RLA    
_obj_has                  004E14 RLA    _obj_is_word              004E34 RLA    
_rule_exists              004E44 RLA    _move_direction           004E54 RLA    
_preprocess_type          004E55 RLA    _store_state              004FDB RLA    
_undo                     005038 RLA    _redo                     005073 RLA    
_reset_undo               00509E RLA    _memory_objects_in_all_banks 0050C8 RLA    
_init_platform            0050E2 RLA    _deinit_platform          0051DC RLA    
_audio_music              0051FE RLA    _audio_sfx                005219 RLA    
_load_game_progress       00522A RLA    _load_level_data          0052CE RLA    
_set_tileset              0053E9 RLA    _set_palette              00543A RLA    
_galaxy_draw_screen       005440 RLA    _galaxy_get_action        005560 RLA    
_game_lost                0056ED RLA    _game_get_action          00573C RLA    
_game_draw_screen         00581E RLA    _wait_for_vblank          0059FA RLA    
_init_sfx                 0061D3 RLA    _deinit_sfx               0061DA RLA    
_play_sfx                 0061E1 RLA    _play_music               0061F1 RLA    
_stop_music               006240 RLA    _pause_music              00626C RLA    
_continue_music           0062D1 RLA    _load_level               006349 RLA    
_handle_you               006537 RLA    _handle_interactions      0065A5 RLA    
_handle_move              006BCC RLA    _perform_move             006BFE RLA    
_set_game_rules           00732B RLA    _init_level               007887 RLA    
_is_level_complete        007973 RLA    _clear_preprocess_helper  00799A RLA    
_main                     007BDE RLA    _rom_copy                 007BFD RLA    
__FIRST_END_LOAD__        007C6C RLA    __LOWCODE_LOAD__          00AB00 RLA    
__LOWCODE_RUN__           00AB00 RLA    _objects                  00AB0D RLA    
_game_font_address        00ADC9 RLA    _game_font_page1          00ADCA RLA    
_game_font_page2          00ADCB RLA    _galaxy_font_address      00ADCC RLA    
_galaxy_font_page1        00ADCD RLA    _galaxy_font_page2        00ADCE RLA    
_video_ptr1               00ADCF RLA    _video_ptr2               00ADD1 RLA    
_text_ptr                 00ADD3 RLA    _background_color         00ADD5 RLA    
__dos_type                00ADFF RLA    fd_index                  00AE00 RLA    
fd_table                  00AE0C RLA    __defdev                  00AE2F RLA    
_joy_read                 00AE3C REA    joy_read                  00AE3C RLA    
_joy_static_stddrv        00AE3F RLA    _atrstd_joy               00AE3F RLA    
__DESTRUCTOR_TABLE__      00AE89 RLA    _memory_handler_init      00AED1 RLA    
_get_banked_address       00AF19 RLA    _memory_select_bank       00AF7D RLA    
_dl_handler               00AFB6 RLA    _display_font_page1       00AFD1 RLA    
_display_font_page2       00AFFC RLA    __directerrno             00B03C RLA    
__mappederrno             00B046 RLA    __seterrno                00B056 RLA    
tosaddax                  00B061 RLA    addysp1                   00B07B RLA    
addysp                    00B07C RLA    tosandax                  00B08B RLA    
callmain                  00B099 RLA    _close                    00B0B0 RLA    
donelib                   00B0CE RLA    decsp4                    00B0DA RLA    
decsp6                    00B0E7 RLA    __do_oserror              00B0F4 RLA    
toseqax                   00B0FC RLA    fdtoiocb_down             00B102 RLA    
clriocb                   00B149 RLA    fddecusage                00B156 RLA    
newfd                     00B184 RLA    fdtoiocb                  00B285 RLA    
findfreeiocb              00B2A7 RLA    __getdefdev               00B2BC  LAI   
fdt_to_fdi                00B320 RLA    tosicmp0                  00B349 RLA    
tosicmp                   00B34B RLA    incsp1                    00B377 RLA    
popax                     00B37E RLA    incsp2                    00B386 RLA    
incsp3                    00B394 RLA    incsp4                    00B399 RLA    
incsp6                    00B39E RLA    __inviocb                 00B3A3 RLA    
_joy_install              00B3A8 RLA    laddeq                    00B3FD RLA    
ldax0sp                   00B422 RLA    ldaxysp                   00B424 RLA    
tosmul0ax                 00B42B RLA    push0ax                   00B48A RLA    
_lseek                    00B4C1 RLA    boolne                    00B5C8 RLA    
booleq                    00B5CE RLA    boolult                   00B5E7 RLA    
_memcpy                   00B5F4 RLA    _memset                   00B638 RLA    
tosumulax                 00B68D RLA    tosmula0                  00B6D2 RLA    
tosumula0                 00B6D2 RLA    mul8x16                   00B6D4 RLA    
mul8x16a                  00B6DE RLA    mulax5                    00B70C RLA    
mulax6                    00B720 RLA    _open                     00B736 RLA    
closeallfiles             00B7E7  LAI   tosora0                   00B7F6 RLA    
tosorax                   00B7F8 RLA    __osmaperrno              00B808 RLA    
popptr1                   00B822 RLA    pusha                     00B834 RLA    
pusha0                    00B848 RLA    pushax                    00B84A RLA    
pushwysp                  00B862 RLA    _read                     00B87C RLA    
__rwsetup                 00B956 RLA    staspidx                  00B983 RLA    
staxspidx                 00B999 RLA    steax0sp                  00B9B4 RLA    
subysp                    00B9C9 RLA    ucase_fn                  00B9D6 RLA    
tosudiva0                 00BA30 RLA    tosudivax                 00BA32 RLA    
udiv16                    00BA41 RLA    tosumoda0                 00BA7F RLA    
tosumodax                 00BA81 RLA    _write                    00BA90 RLA    
zerobss                   00BAB8 RLA    __BSS_RUN__               00BB0B RLA    
__BSS_LOAD__              00BB0B RLA    __oserror                 00BB0E RLA    
__errno                   00BB14 RLA    __RAM_AVAIL__             00BC20 REA    



Imports list:
-------------
__AUTOSTART__ (exetrailer.o):
    [linker generated]        atari-atr.cfg(10)
__BSS_LOAD__ ([linker generated]):
    linker.o                  platforms/atari/linker.asm(2)
__BSS_RUN__ ([linker generated]):
    zerobss.o                 common/zerobss.s(8)
__BSS_SIZE__ ([linker generated]):
    zerobss.o                 common/zerobss.s(8)
__CONSTRUCTOR_COUNT__ ([linker generated]):
    condes.o                  runtime/condes.s(18)
__CONSTRUCTOR_TABLE__ ([linker generated]):
    condes.o                  runtime/condes.s(18)
__DESTRUCTOR_COUNT__ ([linker generated]):
    condes.o                  runtime/condes.s(19)
__DESTRUCTOR_TABLE__ ([linker generated]):
    condes.o                  runtime/condes.s(19)
__FILEHDR__ (linker.o):
    [linker generated]        atari-atr.cfg(9)
__FIRST_END_LOAD__ ([linker generated]):
    linker.o                  platforms/atari/linker.asm(1)
__GFX_LOAD__ ([linker generated]):
    linker.o                  platforms/atari/linker.asm(1)
__LOWCODE_LOAD__ ([linker generated]):
    linker.o                  platforms/atari/linker.asm(2)
__LOWCODE_RUN__ ([linker generated]):
    crt0.o                    atari/crt0.s(18)
__LOWCODE_SIZE__ ([linker generated]):
    crt0.o                    atari/crt0.s(18)
__RAM_AVAIL__ ([linker generated]):
    [linker generated]        atari-atr.cfg(33)
__RESERVED_MEMORY__ ([linker generated]):
    crt0.o                    atari/crt0.s(16)
__RMT_SIZE__ ([linker generated]):
    [linker generated]        atari-atr.cfg(33)
    [linker generated]        atari-atr.cfg(33)
    [linker generated]        atari-atr.cfg(25)
__STARTUP__ (crt0.o):
    main.o                    common/main.s(13)
__defdev (getdefdev.o):
    ucase_fn.o                atari/ucase_fn.s(25)
__directerrno (_directerrno.o):
    open.o                    /home/travis/build/cc65/cc65/asminc/errno.inc(10)
    lseek.o                   /home/travis/build/cc65/cc65/asminc/errno.inc(10)
    inviocb.o                 /home/travis/build/cc65/cc65/asminc/errno.inc(10)
__do_oserror (do_oserr.o):
    write.o                   atari/write.s(5)
    read.o                    atari/read.s(8)
    close.o                   atari/close.s(9)
__dos_type (dosdetect.o):
    getdefdev.o               atari/getdefdev.s(22)
    lseek.o                   atari/lseek.s(13)
__errno (errno.o):
    _seterrno.o               /home/travis/build/cc65/cc65/asminc/errno.inc(7)
__inviocb (inviocb.o):
    write.o                   atari/write.s(5)
    read.o                    atari/read.s(8)
    lseek.o                   atari/lseek.s(12)
    close.o                   atari/close.s(10)
__mappederrno (_mappederrno.o):
    open.o                    /home/travis/build/cc65/cc65/asminc/errno.inc(10)
    lseek.o                   /home/travis/build/cc65/cc65/asminc/errno.inc(10)
    do_oserr.o                /home/travis/build/cc65/cc65/asminc/errno.inc(10)
__oserror (_oserror.o):
    _mappederrno.o            /home/travis/build/cc65/cc65/asminc/errno.inc(7)
    _directerrno.o            /home/travis/build/cc65/cc65/asminc/errno.inc(7)
    write.o                   atari/write.s(5)
    read.o                    atari/read.s(8)
    open.o                    /home/travis/build/cc65/cc65/asminc/errno.inc(7)
    close.o                   atari/close.s(9)
__osmaperrno (oserror.o):
    _mappederrno.o            /home/travis/build/cc65/cc65/asminc/errno.inc(8)
__rwsetup (rwcommon.o):
    write.o                   atari/write.s(5)
    read.o                    atari/read.s(8)
__seterrno (_seterrno.o):
    _mappederrno.o            /home/travis/build/cc65/cc65/asminc/errno.inc(9)
    _directerrno.o            /home/travis/build/cc65/cc65/asminc/errno.inc(9)
_array_index (code.o):
    main.o                    common/main.s(40)
    rules.o                   common/rules.s(22)
    move.o                    common/move.s(27)
    interact.o                common/interact.s(26)
    you.o                     common/you.s(19)
    level.o                   common/level.s(26)
    atari_fn.o                platforms/atari/atari_fn.s(43)
_array_ptr (code.o):
    atari_fn.o                platforms/atari/atari_fn.s(45)
_array_value (code.o):
    main.o                    common/main.s(41)
    rules.o                   common/rules.s(23)
    move.o                    common/move.s(28)
    interact.o                common/interact.s(27)
    you.o                     common/you.s(20)
    level.o                   common/level.s(27)
    atari_fn.o                platforms/atari/atari_fn.s(44)
_atrstd_joy (atrstd-joy.o):
    joy_stat_stddrv.o         atari/joy_stat_stddrv.s(13)
_audio_music (atari_fn.o):
    main.o                    common/main.s(17)
_audio_only_sfx (sounds.o):
    atari_fn.o                platforms/atari/atari_fn.s(98)
_audio_sfx (atari_fn.o):
    main.o                    common/main.s(18)
    move.o                    common/move.s(14)
    interact.o                common/interact.s(14)
    you.o                     common/you.s(13)
_background_color (code.o):
    atari_fn.o                platforms/atari/atari_fn.s(100)
_clear_preprocess_helper (main.o):
    rules.o                   common/rules.s(15)
    move.o                    common/move.s(17)
_close (close.o):
    open.o                    atari/open.s(16)
    atari_fn.o                platforms/atari/atari_fn.s(65)
_continue_music (sounds.o):
    atari_fn.o                platforms/atari/atari_fn.s(63)
_deinit_platform (atari_fn.o):
    main.o                    common/main.s(16)
_deinit_sfx (sounds.o):
    atari_fn.o                platforms/atari/atari_fn.s(58)
_display_font_page1 (code.o):
    atari_fn.o                platforms/atari/atari_fn.s(90)
_display_font_page2 (code.o):
    atari_fn.o                platforms/atari/atari_fn.s(91)
_display_list1 (code.o):
    atari_fn.o                platforms/atari/atari_fn.s(87)
_display_list2 (code.o):
    atari_fn.o                platforms/atari/atari_fn.s(88)
_dl_handler (code.o):
    atari_fn.o                platforms/atari/atari_fn.s(99)
_exit (crt0.o):
    libref.o                  atari/libref.s(6)
_galaxy_draw_screen (atari_fn.o):
    main.o                    common/main.s(20)
_galaxy_font_address (code.o):
    atari_fn.o                platforms/atari/atari_fn.s(95)
_galaxy_font_page1 (code.o):
    atari_fn.o                platforms/atari/atari_fn.s(96)
_galaxy_font_page2 (code.o):
    atari_fn.o                platforms/atari/atari_fn.s(97)
_galaxy_get_action (atari_fn.o):
    main.o                    common/main.s(21)
_game_draw_screen (atari_fn.o):
    main.o                    common/main.s(23)
_game_font_address (code.o):
    atari_fn.o                platforms/atari/atari_fn.s(92)
_game_font_page1 (code.o):
    atari_fn.o                platforms/atari/atari_fn.s(93)
_game_font_page2 (code.o):
    atari_fn.o                platforms/atari/atari_fn.s(94)
_game_get_action (atari_fn.o):
    you.o                     common/you.s(14)
_game_lost (atari_fn.o):
    main.o                    common/main.s(22)
_game_phase (data.o):
    main.o                    common/main.s(42)
    interact.o                common/interact.s(28)
    atari_fn.o                platforms/atari/atari_fn.s(46)
_game_progress (data.o):
    main.o                    common/main.s(44)
    level.o                   common/level.s(29)
    atari_fn.o                platforms/atari/atari_fn.s(49)
_get_banked_address (ram_handler.o):
    undo_redo.o               platforms/atari/undo_redo.s(15)
_handle_interactions (interact.o):
    main.o                    common/main.s(30)
_handle_move (move.o):
    main.o                    common/main.s(29)
_handle_you (you.o):
    main.o                    common/main.s(28)
_helpers (data.o):
    main.o                    common/main.s(50)
    rules.o                   common/rules.s(31)
    move.o                    common/move.s(35)
    interact.o                common/interact.s(35)
    you.o                     common/you.s(24)
    atari_fn.o                platforms/atari/atari_fn.s(53)
_init_level (main.o):
    atari_fn.o                platforms/atari/atari_fn.s(32)
_init_platform (atari_fn.o):
    main.o                    common/main.s(15)
_init_sfx (sounds.o):
    atari_fn.o                platforms/atari/atari_fn.s(57)
_is_level_complete (main.o):
    atari_fn.o                platforms/atari/atari_fn.s(33)
_joy_install (joy-kernel.o):
    atari_fn.o                platforms/atari/atari_fn.s(14)
_joy_read (joy_read.o):
    atari_fn.o                platforms/atari/atari_fn.s(15)
_joy_static_stddrv (joy_stat_stddrv.o):
    atari_fn.o                platforms/atari/atari_fn.s(13)
_last_obj_index (data.o):
    main.o                    common/main.s(51)
    rules.o                   common/rules.s(32)
    move.o                    common/move.s(36)
    interact.o                common/interact.s(36)
    you.o                     common/you.s(25)
    level.o                   common/level.s(32)
    atari_fn.o                platforms/atari/atari_fn.s(54)
_last_text_index (data.o):
    rules.o                   common/rules.s(33)
    interact.o                common/interact.s(37)
    level.o                   common/level.s(33)
_level_number (data.o):
    main.o                    common/main.s(43)
    level.o                   common/level.s(28)
    atari_fn.o                platforms/atari/atari_fn.s(47)
_load_game_progress (atari_fn.o):
    main.o                    common/main.s(19)
_load_level (level.o):
    main.o                    common/main.s(33)
    atari_fn.o                platforms/atari/atari_fn.s(34)
_load_level_data (atari_fn.o):
    level.o                   common/level.s(14)
_local_flags (code.o):
    move.o                    common/move.s(22)
    interact.o                common/interact.s(21)
    atari_fn.o                platforms/atari/atari_fn.s(39)
_local_index (code.o):
    main.o                    common/main.s(36)
    rules.o                   common/rules.s(18)
    move.o                    common/move.s(20)
    interact.o                common/interact.s(18)
    you.o                     common/you.s(17)
    level.o                   common/level.s(21)
    atari_fn.o                platforms/atari/atari_fn.s(37)
_local_temp1 (code.o):
    main.o                    common/main.s(38)
    rules.o                   common/rules.s(20)
    move.o                    common/move.s(23)
    interact.o                common/interact.s(22)
    you.o                     common/you.s(18)
    level.o                   common/level.s(24)
    atari_fn.o                platforms/atari/atari_fn.s(40)
_local_temp2 (code.o):
    main.o                    common/main.s(39)
    rules.o                   common/rules.s(21)
    move.o                    common/move.s(24)
    interact.o                common/interact.s(23)
    level.o                   common/level.s(25)
    atari_fn.o                platforms/atari/atari_fn.s(41)
_local_text_type (code.o):
    interact.o                common/interact.s(20)
    level.o                   common/level.s(23)
_local_type (code.o):
    main.o                    common/main.s(37)
    rules.o                   common/rules.s(19)
    move.o                    common/move.s(21)
    interact.o                common/interact.s(19)
    level.o                   common/level.s(22)
    atari_fn.o                platforms/atari/atari_fn.s(38)
_local_x (code.o):
    main.o                    common/main.s(34)
    rules.o                   common/rules.s(16)
    move.o                    common/move.s(18)
    interact.o                common/interact.s(16)
    level.o                   common/level.s(19)
    atari_fn.o                platforms/atari/atari_fn.s(35)
_local_y (code.o):
    main.o                    common/main.s(35)
    rules.o                   common/rules.s(17)
    move.o                    common/move.s(19)
    interact.o                common/interact.s(17)
    level.o                   common/level.s(20)
    atari_fn.o                platforms/atari/atari_fn.s(36)
_lookup_index (code.o):
    move.o                    common/move.s(26)
    interact.o                common/interact.s(25)
    atari_fn.o                platforms/atari/atari_fn.s(42)
_lseek (lseek.o):
    atari_fn.o                platforms/atari/atari_fn.s(68)
_main (main.o):
    callmain.o                runtime/callmain.s(11)
_map (data.o):
    main.o                    common/main.s(48)
    rules.o                   common/rules.s(29)
    move.o                    common/move.s(33)
    interact.o                common/interact.s(34)
    level.o                   common/level.s(31)
    atari_fn.o                platforms/atari/atari_fn.s(52)
_map_index (code.o):
    move.o                    common/move.s(25)
    interact.o                common/interact.s(24)
_map_lookup (lookup.o):
    main.o                    common/main.s(52)
    rules.o                   common/rules.s(34)
    move.o                    common/move.s(39)
    interact.o                common/interact.s(38)
    level.o                   common/level.s(34)
    atari_fn.o                platforms/atari/atari_fn.s(55)
_memcpy (memcpy.o):
    atari_fn.o                platforms/atari/atari_fn.s(16)
    undo_redo.o               platforms/atari/undo_redo.s(13)
_memory_handler_init (ram_handler.o):
    atari_fn.o                platforms/atari/atari_fn.s(69)
_memory_objects_in_all_banks (ram_handler.o):
    undo_redo.o               platforms/atari/undo_redo.s(14)
_memory_select_bank (ram_handler.o):
    undo_redo.o               platforms/atari/undo_redo.s(16)
_memset (memset.o):
    atari_fn.o                platforms/atari/atari_fn.s(17)
_move_direction (move.o):
    you.o                     common/you.s(27)
_move_direction_lookup_x (lookup.o):
    move.o                    common/move.s(37)
_move_direction_lookup_y (lookup.o):
    move.o                    common/move.s(38)
_obj_has (data.o):
    rules.o                   common/rules.s(26)
    interact.o                common/interact.s(31)
_obj_is_word (data.o):
    rules.o                   common/rules.s(27)
    move.o                    common/move.s(31)
    interact.o                common/interact.s(32)
_obj_prop (data.o):
    main.o                    common/main.s(46)
    rules.o                   common/rules.s(25)
    move.o                    common/move.s(30)
    interact.o                common/interact.s(30)
    you.o                     common/you.s(23)
    atari_fn.o                platforms/atari/atari_fn.s(51)
_obj_prop_lookup (lookup.o):
    main.o                    common/main.s(53)
    rules.o                   common/rules.s(35)
    move.o                    common/move.s(40)
    interact.o                common/interact.s(39)
    you.o                     common/you.s(26)
    atari_fn.o                platforms/atari/atari_fn.s(56)
_objects (data.o):
    main.o                    common/main.s(45)
    rules.o                   common/rules.s(24)
    move.o                    common/move.s(29)
    interact.o                common/interact.s(29)
    you.o                     common/you.s(22)
    level.o                   common/level.s(30)
    atari_fn.o                platforms/atari/atari_fn.s(50)
    undo_redo.o               platforms/atari/undo_redo.s(17)
_one_lshift_lookup (lookup.o):
    main.o                    common/main.s(54)
    rules.o                   common/rules.s(36)
    interact.o                common/interact.s(40)
_open (open.o):
    atari_fn.o                platforms/atari/atari_fn.s(64)
_pause_music (sounds.o):
    atari_fn.o                platforms/atari/atari_fn.s(62)
_perform_move (move.o):
    you.o                     common/you.s(16)
_play_music (sounds.o):
    atari_fn.o                platforms/atari/atari_fn.s(60)
_play_sfx (sounds.o):
    atari_fn.o                platforms/atari/atari_fn.s(59)
_preproc_helper (data.o):
    main.o                    common/main.s(49)
    rules.o                   common/rules.s(30)
    move.o                    common/move.s(34)
_preprocess_type (move.o):
    you.o                     common/you.s(28)
_read (read.o):
    atari_fn.o                platforms/atari/atari_fn.s(67)
_redo (undo_redo.o):
    atari_fn.o                platforms/atari/atari_fn.s(72)
_reset_undo (undo_redo.o):
    atari_fn.o                platforms/atari/atari_fn.s(73)
_reverted_direction_lookup (lookup.o):
    move.o                    common/move.s(41)
_rom_copy (rom_off.o):
    atari_fn.o                platforms/atari/atari_fn.s(154)
_rule_exists (data.o):
    main.o                    common/main.s(47)
    rules.o                   common/rules.s(28)
    move.o                    common/move.s(32)
    interact.o                common/interact.s(33)
_set_game_rules (rules.o):
    main.o                    common/main.s(27)
_set_palette (atari_fn.o):
    level.o                   common/level.s(16)
_set_tileset (atari_fn.o):
    level.o                   common/level.s(15)
_stop_music (sounds.o):
    atari_fn.o                platforms/atari/atari_fn.s(61)
_store_state (undo_redo.o):
    atari_fn.o                platforms/atari/atari_fn.s(70)
_text_ptr (code.o):
    atari_fn.o                platforms/atari/atari_fn.s(89)
_undo (undo_redo.o):
    atari_fn.o                platforms/atari/atari_fn.s(71)
_unlocking_x (level.o):
    atari_fn.o                platforms/atari/atari_fn.s(101)
_unlocking_y (level.o):
    atari_fn.o                platforms/atari/atari_fn.s(102)
_video_ptr1 (code.o):
    atari_fn.o                platforms/atari/atari_fn.s(85)
_video_ptr2 (code.o):
    atari_fn.o                platforms/atari/atari_fn.s(86)
_wait_for_vblank (atari_fn.o):
    sounds.o                  platforms/atari/sounds.s(23)
_write (write.o):
    atari_fn.o                platforms/atari/atari_fn.s(66)
_you_move_direction (data.o):
    you.o                     common/you.s(21)
    atari_fn.o                platforms/atari/atari_fn.s(48)
addysp (addysp.o):
    incsp6.o                  runtime/incsp6.s(8)
    ucase_fn.o                atari/ucase_fn.s(28)
    open.o                    atari/open.s(21)
    incsp4.o                  runtime/incsp4.s(8)
    incsp3.o                  runtime/incsp3.s(8)
addysp1 (addysp.o):
    or.o                      runtime/or.s(9)
    lmul.o                    runtime/lmul.s(9)
    and.o                     runtime/and.s(8)
booleq (makebool.o):
    eq.o                      runtime/eq.s(8)
    sounds.o                  platforms/atari/sounds.s(428)
    sounds.o                  platforms/atari/sounds.s(428)
boolne (makebool.o):
    sounds.o                  platforms/atari/sounds.s(428)
    sounds.o                  platforms/atari/sounds.s(428)
boolult (makebool.o):
    sounds.o                  platforms/atari/sounds.s(428)
callmain (callmain.o):
    crt0.o                    atari/crt0.s(15)
clriocb (fdtable.o):
    open.o                    atari/open.s(17)
decsp4 (decsp4.o):
    lpush.o                   runtime/lpush.s(12)
    atari_fn.o                platforms/atari/atari_fn.s(4560)
    atari_fn.o                platforms/atari/atari_fn.s(4560)
    atari_fn.o                platforms/atari/atari_fn.s(4560)
    atari_fn.o                platforms/atari/atari_fn.s(4560)
    atari_fn.o                platforms/atari/atari_fn.s(4560)
    atari_fn.o                platforms/atari/atari_fn.s(4560)
decsp6 (decsp6.o):
    atari_fn.o                platforms/atari/atari_fn.s(4560)
donelib (condes.o):
    crt0.o                    atari/crt0.s(14)
fd_index (fdtab.o):
    fdtoiocb.o                atari/fdtoiocb.s(10)
    getfd.o                   atari/getfd.s(11)
    fdtable.o                 atari/fdtable.s(10)
fd_table (fdtab.o):
    fdtoiocb.o                atari/fdtoiocb.s(10)
    lseek.o                   atari/lseek.s(14)
    getfd.o                   atari/getfd.s(11)
    fdtable.o                 atari/fdtable.s(10)
fddecusage (fdtable.o):
    open.o                    atari/open.s(18)
fdt_to_fdi (getfd.o):
    fdtable.o                 atari/fdtable.s(11)
fdtoiocb (fdtoiocb.o):
    rwcommon.o                atari/rwcommon.s(8)
    lseek.o                   atari/lseek.s(12)
fdtoiocb_down (fdtable.o):
    close.o                   atari/close.s(10)
findfreeiocb (findfreeiocb.o):
    open.o                    atari/open.s(19)
incsp1 (incsp1.o):
    interact.o                common/interact.s(1487)
    sounds.o                  platforms/atari/sounds.s(428)
    sounds.o                  platforms/atari/sounds.s(428)
    atari_fn.o                platforms/atari/atari_fn.s(4560)
    atari_fn.o                platforms/atari/atari_fn.s(4560)
    atari_fn.o                platforms/atari/atari_fn.s(4560)
    atari_fn.o                platforms/atari/atari_fn.s(4560)
    atari_fn.o                platforms/atari/atari_fn.s(4560)
    atari_fn.o                platforms/atari/atari_fn.s(4560)
    ram_handler.o             platforms/atari/ram_handler.s(346)
incsp2 (incsp2.o):
    staxspi.o                 runtime/staxspi.s(9)
    staspidx.o                runtime/staspidx.s(8)
    popptr1.o                 runtime/popptr1.s(8)
    ram_handler.o             platforms/atari/ram_handler.s(346)
    ram_handler.o             platforms/atari/ram_handler.s(346)
incsp3 (incsp3.o):
    atari_fn.o                platforms/atari/atari_fn.s(4560)
incsp4 (incsp4.o):
    open.o                    atari/open.s(20)
    atari_fn.o                platforms/atari/atari_fn.s(4560)
    ram_handler.o             platforms/atari/ram_handler.s(346)
incsp6 (incsp6.o):
    lseek.o                   atari/lseek.s(11)
initlib (condes.o):
    crt0.o                    atari/crt0.s(14)
joy_libref (libref.o):
    joy-kernel.o              joystick/joy-kernel.s(7)
joy_read (joy-kernel.o):
    joy_read.o                /home/travis/build/cc65/cc65/asminc/joy-kernel.inc(71)
laddeq (laddeq.o):
    atari_fn.o                platforms/atari/atari_fn.s(4560)
ldax0sp (ldaxsp.o):
    lseek.o                   atari/lseek.s(12)
ldaxysp (ldaxsp.o):
    open.o                    atari/open.s(21)
    lseek.o                   atari/lseek.s(12)
mul8x16 (mul8.o):
    mul.o                     runtime/mul.s(8)
mul8x16a (mul8.o):
    mul.o                     runtime/mul.s(8)
mulax5 (mulax5.o):
    main.o                    common/main.s(1130)
    level.o                   common/level.s(546)
mulax6 (mulax6.o):
    atari_fn.o                platforms/atari/atari_fn.s(4560)
    atari_fn.o                platforms/atari/atari_fn.s(4560)
    atari_fn.o                platforms/atari/atari_fn.s(4560)
    atari_fn.o                platforms/atari/atari_fn.s(4560)
newfd (fdtable.o):
    open.o                    atari/open.s(18)
popax (incsp2.o):
    rwcommon.o                atari/rwcommon.s(7)
    memset.o                  common/memset.s(19)
    memcpy.o                  common/memcpy.s(14)
popptr1 (popptr1.o):
    umod.o                    runtime/umod.s(8)
    udiv.o                    runtime/udiv.s(9)
    mul8.o                    runtime/mul8.s(9)
    mul.o                     runtime/mul.s(9)
    memcpy.o                  common/memcpy.s(14)
ptr1 (zeropage.o):
    zerobss.o                 common/zerobss.s(9)
    udiv.o                    runtime/udiv.s(10)
    staxspi.o                 runtime/staxspi.s(10)
    staspidx.o                runtime/staspidx.s(9)
    popptr1.o                 runtime/popptr1.s(9)
    mulax6.o                  runtime/mulax6.s(9)
    mulax5.o                  runtime/mulax5.s(9)
    mul8.o                    runtime/mul8.s(10)
    mul.o                     runtime/mul.s(10)
    memset.o                  common/memset.s(20)
    memcpy.o                  common/memcpy.s(15)
    lseek.o                   atari/lseek.s(15)
    lmul.o                    runtime/lmul.s(10)
    laddeq.o                  runtime/laddeq.s(12)
    joy-kernel.o              joystick/joy-kernel.s(8)
    main.o                    common/main.s(11)
    rules.o                   common/rules.s(11)
    move.o                    common/move.s(11)
    interact.o                common/interact.s(11)
    atari_fn.o                platforms/atari/atari_fn.s(11)
ptr2 (zeropage.o):
    memset.o                  common/memset.s(20)
    memcpy.o                  common/memcpy.s(15)
ptr3 (zeropage.o):
    memset.o                  common/memset.s(20)
    memcpy.o                  common/memcpy.s(15)
    lseek.o                   atari/lseek.s(15)
    lmul.o                    runtime/lmul.s(10)
ptr4 (zeropage.o):
    umod.o                    runtime/umod.s(9)
    udiv.o                    runtime/udiv.s(10)
    ucase_fn.o                atari/ucase_fn.s(27)
    mul8.o                    runtime/mul8.s(10)
    mul.o                     runtime/mul.s(10)
    lseek.o                   atari/lseek.s(15)
    lmul.o                    runtime/lmul.s(10)
    fdtable.o                 atari/fdtable.s(9)
push0ax (lpush.o):
    atari_fn.o                platforms/atari/atari_fn.s(4560)
pusha (pusha.o):
    interact.o                common/interact.s(1487)
    sounds.o                  platforms/atari/sounds.s(428)
    sounds.o                  platforms/atari/sounds.s(428)
    atari_fn.o                platforms/atari/atari_fn.s(4560)
    atari_fn.o                platforms/atari/atari_fn.s(4560)
    atari_fn.o                platforms/atari/atari_fn.s(4560)
    atari_fn.o                platforms/atari/atari_fn.s(4560)
    atari_fn.o                platforms/atari/atari_fn.s(4560)
    atari_fn.o                platforms/atari/atari_fn.s(4560)
    atari_fn.o                platforms/atari/atari_fn.s(4560)
    ram_handler.o             platforms/atari/ram_handler.s(346)
pusha0 (pushax.o):
    main.o                    common/main.s(1130)
    main.o                    common/main.s(1130)
    main.o                    common/main.s(1130)
    rules.o                   common/rules.s(1237)
    rules.o                   common/rules.s(1237)
    atari_fn.o                platforms/atari/atari_fn.s(4560)
    atari_fn.o                platforms/atari/atari_fn.s(4560)
    atari_fn.o                platforms/atari/atari_fn.s(4560)
    atari_fn.o                platforms/atari/atari_fn.s(4560)
    atari_fn.o                platforms/atari/atari_fn.s(4560)
    atari_fn.o                platforms/atari/atari_fn.s(4560)
    ram_handler.o             platforms/atari/ram_handler.s(346)
    undo_redo.o               platforms/atari/undo_redo.s(419)
    undo_redo.o               platforms/atari/undo_redo.s(419)
pushax (pushax.o):
    callmain.o                runtime/callmain.s(11)
    main.o                    common/main.s(1130)
    rules.o                   common/rules.s(1237)
    move.o                    common/move.s(1855)
    interact.o                common/interact.s(1487)
    sounds.o                  platforms/atari/sounds.s(428)
    sounds.o                  platforms/atari/sounds.s(428)
    atari_fn.o                platforms/atari/atari_fn.s(4560)
    atari_fn.o                platforms/atari/atari_fn.s(4560)
    atari_fn.o                platforms/atari/atari_fn.s(4560)
    atari_fn.o                platforms/atari/atari_fn.s(4560)
    atari_fn.o                platforms/atari/atari_fn.s(4560)
    atari_fn.o                platforms/atari/atari_fn.s(4560)
    ram_handler.o             platforms/atari/ram_handler.s(346)
    ram_handler.o             platforms/atari/ram_handler.s(346)
    ram_handler.o             platforms/atari/ram_handler.s(346)
    undo_redo.o               platforms/atari/undo_redo.s(419)
    undo_redo.o               platforms/atari/undo_redo.s(419)
pushwysp (pushwsp.o):
    ram_handler.o             platforms/atari/ram_handler.s(346)
sp (zeropage.o):
    subysp.o                  runtime/subysp.s(9)
    ldaxsp.o                  runtime/ldaxsp.s(8)
    addysp.o                  runtime/addysp.s(8)
    ucase_fn.o                atari/ucase_fn.s(27)
    steaxsp.o                 runtime/steaxsp.s(8)
    staxspi.o                 runtime/staxspi.s(10)
    staspidx.o                runtime/staspidx.s(9)
    pushwsp.o                 runtime/pushwsp.s(8)
    pushax.o                  runtime/pushax.s(8)
    pusha.o                   runtime/pusha.s(8)
    popptr1.o                 runtime/popptr1.s(9)
    or.o                      runtime/or.s(10)
    memset.o                  common/memset.s(20)
    memcpy.o                  common/memcpy.s(15)
    lpush.o                   runtime/lpush.s(13)
    lmul.o                    runtime/lmul.s(10)
    incsp2.o                  runtime/incsp2.s(8)
    incsp1.o                  runtime/incsp1.s(8)
    icmp.o                    runtime/icmp.s(9)
    fdtable.o                 atari/fdtable.s(9)
    decsp6.o                  runtime/decsp6.s(8)
    decsp4.o                  runtime/decsp4.s(8)
    crt0.o                    /home/travis/build/cc65/cc65/asminc/zeropage.inc(11)
    and.o                     runtime/and.s(9)
    add.o                     runtime/add.s(12)
    interact.o                common/interact.s(10)
    sounds.o                  platforms/atari/sounds.s(10)
    atari_fn.o                platforms/atari/atari_fn.s(10)
    ram_handler.o             platforms/atari/ram_handler.s(10)
sreg (zeropage.o):
    umod.o                    runtime/umod.s(9)
    udiv.o                    runtime/udiv.s(10)
    steaxsp.o                 runtime/steaxsp.s(8)
    lseek.o                   atari/lseek.s(15)
    lpush.o                   runtime/lpush.s(13)
    lmul.o                    runtime/lmul.s(10)
    laddeq.o                  runtime/laddeq.s(12)
    icmp.o                    runtime/icmp.s(9)
    rules.o                   common/rules.s(10)
    atari_fn.o                platforms/atari/atari_fn.s(10)
start (crt0.o):
    exetrailer.o              atari/exetrailer.s(4)
staspidx (staspidx.o):
    main.o                    common/main.s(1130)
    move.o                    common/move.s(1855)
    sounds.o                  platforms/atari/sounds.s(428)
    atari_fn.o                platforms/atari/atari_fn.s(4560)
    atari_fn.o                platforms/atari/atari_fn.s(4560)
staxspidx (staxspi.o):
    rules.o                   common/rules.s(1237)
    atari_fn.o                platforms/atari/atari_fn.s(4560)
steax0sp (steaxsp.o):
    atari_fn.o                platforms/atari/atari_fn.s(4560)
subysp (subysp.o):
    ucase_fn.o                atari/ucase_fn.s(28)
tmp1 (zeropage.o):
    staxspi.o                 runtime/staxspi.s(10)
    staspidx.o                runtime/staspidx.s(9)
    or.o                      runtime/or.s(10)
    mul.o                     runtime/mul.s(10)
    lseek.o                   atari/lseek.s(16)
    getfd.o                   atari/getfd.s(10)
    fdtable.o                 atari/fdtable.s(9)
    add.o                     runtime/add.s(12)
    interact.o                common/interact.s(11)
    level.o                   common/level.s(11)
    atari_fn.o                platforms/atari/atari_fn.s(11)
tmp2 (zeropage.o):
    ucase_fn.o                atari/ucase_fn.s(24)
    open.o                    /home/travis/build/cc65/cc65/asminc/zeropage.inc(13)
    lseek.o                   atari/lseek.s(16)
    lmul.o                    runtime/lmul.s(10)
    fdtable.o                 atari/fdtable.s(9)
tmp3 (zeropage.o):
    ucase_fn.o                atari/ucase_fn.s(27)
    open.o                    /home/travis/build/cc65/cc65/asminc/zeropage.inc(13)
    lseek.o                   atari/lseek.s(16)
    lmul.o                    runtime/lmul.s(10)
    fdtable.o                 atari/fdtable.s(9)
tmp4 (zeropage.o):
    open.o                    /home/travis/build/cc65/cc65/asminc/zeropage.inc(13)
    lmul.o                    runtime/lmul.s(10)
tosaddax (add.o):
    atari_fn.o                platforms/atari/atari_fn.s(4560)
    ram_handler.o             platforms/atari/ram_handler.s(346)
tosandax (and.o):
    main.o                    common/main.s(1130)
    interact.o                common/interact.s(1487)
toseqax (eq.o):
    sounds.o                  platforms/atari/sounds.s(428)
tosicmp (icmp.o):
    eq.o                      runtime/eq.s(8)
    rules.o                   common/rules.s(1237)
    move.o                    common/move.s(1855)
tosicmp0 (icmp.o):
    rules.o                   common/rules.s(1237)
    atari_fn.o                platforms/atari/atari_fn.s(4560)
tosmul0ax (lmul.o):
    atari_fn.o                platforms/atari/atari_fn.s(4560)
tosmula0 (mul8.o):
    atari_fn.o                platforms/atari/atari_fn.s(4560)
tosora0 (or.o):
    ram_handler.o             platforms/atari/ram_handler.s(346)
tosorax (or.o):
    main.o                    common/main.s(1130)
tosudiva0 (udiv.o):
    atari_fn.o                platforms/atari/atari_fn.s(4560)
tosudivax (udiv.o):
    ram_handler.o             platforms/atari/ram_handler.s(346)
    ram_handler.o             platforms/atari/ram_handler.s(346)
tosumoda0 (umod.o):
    main.o                    common/main.s(1130)
    atari_fn.o                platforms/atari/atari_fn.s(4560)
    atari_fn.o                platforms/atari/atari_fn.s(4560)
tosumodax (umod.o):
    ram_handler.o             platforms/atari/ram_handler.s(346)
tosumula0 (mul8.o):
    atari_fn.o                platforms/atari/atari_fn.s(4560)
    ram_handler.o             platforms/atari/ram_handler.s(346)
tosumulax (mul.o):
    ram_handler.o             platforms/atari/ram_handler.s(346)
ucase_fn (ucase_fn.o):
    open.o                    atari/open.s(24)
udiv16 (udiv.o):
    umod.o                    runtime/umod.s(8)
zerobss (zerobss.o):
    crt0.o                    atari/crt0.s(15)

